Alias sets for function 'worldfun':
Alias Set Tracker: 2 alias sets for 2 pointer values.
  AliasSet[0x55f934fa3150, 1] must alias, Mod/Ref   Pointers: (i32** %2, LocationSize::precise(8))
  AliasSet[0x55f934fb9dd0, 2] may alias, Mod/Ref   Pointers: (i32* %4, LocationSize::precise(4))
    1 Unknown instructions:   %3 = call i32 (i8*, ...) @printf(i8* getelementptr inbounds ([8 x i8], [8 x i8]* @.str, i64 0, i64 0))

Alias sets for function 'hellofun':
Alias Set Tracker: 1 alias sets for 0 pointer values.
  AliasSet[0x55f934fb9dd0, 1] may alias, Mod/Ref   
    1 Unknown instructions:   %1 = call i32 (i8*, ...) @printf(i8* getelementptr inbounds ([7 x i8], [7 x i8]* @.str.1, i64 0, i64 0))

Alias sets for function 'thread_helper':
Alias Set Tracker: 2 alias sets for 3 pointer values.
  AliasSet[0x55f934fa3150, 2] may alias, Mod/Ref   Pointers: (i32 (i32*)* (...)** @globpm, LocationSize::precise(8))
    3 Unknown instructions:   %6 = call i32 (i32*)* (...) %5(),   %7 = call i32 %6(i32* @thread_helper.x),   %8 = call i32 (i8*, ...) @printf(i8* getelementptr inbounds ([4 x i8], [4 x i8]* @.str.2, i64 0, i64 0), i32 %7)
  AliasSet[0x55f934fb9cb0, 2] must alias, Mod/Ref   Pointers: (i32 (i32*)* (...)** %2, LocationSize::precise(8)), (i32 (i32*)* (...)** %4, LocationSize::precise(8))

Alias sets for function 'thread1_fun':
Alias Set Tracker: 2 alias sets for 1 pointer values.
  AliasSet[0x55f934fa3150, 1] must alias, Mod       Pointers: (i8** %2, LocationSize::precise(8))
  AliasSet[0x55f934fdad70, 1] may alias, Mod/Ref   
    1 Unknown instructions:   call void @thread_helper()

Alias sets for function 'main':
Alias Set Tracker: 5 alias sets for 6 pointer values.
  AliasSet[0x55f934fa3150, 1] must alias, Mod       Pointers: (i32* %3, LocationSize::precise(4))
  AliasSet[0x55f934fb9dd0, 1] must alias, Mod       Pointers: (i32* %4, LocationSize::precise(4))
  AliasSet[0x55f934fe2d50, 1] must alias, Mod       Pointers: (i8*** %5, LocationSize::precise(8))
  AliasSet[0x55f934fe2df0, 3] may alias, Mod/Ref   Pointers: (i32 (i32*)* (...)** @globpm, LocationSize::precise(8)), (i64* %7, LocationSize::precise(8))
    3 Unknown instructions:   %8 = call i32 @pthread_create(i64* %7, %union.pthread_attr_t* null, i8* (i8*)* @thread1_fun, i8* null) #4,   %10 = call i32 @pthread_join(i64 %9, i8** null),   call void @exit(i32 0) #5
  AliasSet[0x55f934fe2e90, 1] must alias, Mod       Pointers: (i32* %6, LocationSize::precise(4))

